<testsuites id="" name="" tests="0" failures="0" skipped="0" errors="0" time="0.08695499999999992">
</testsuites>