<testsuites id="" name="" tests="1" failures="1" skipped="0" errors="0" time="62.353978000000005">
<testsuite name="tests\tests\login.test.js" timestamp="2024-05-21T02:23:19.972Z" hostname="" tests="1" failures="1" skipped="0" time="60.013" errors="0">
<testcase name="Login test for healthcare system" classname="tests\tests\login.test.js" time="60.013">
<failure message="login.test.js:3:1 Login test for healthcare system" type="FAILURE">
<![CDATA[  tests\tests\login.test.js:3:1 › Login test for healthcare system 

    Test timeout of 60000ms exceeded.

    Error: page.waitForSelector: Test timeout of 60000ms exceeded.
    Call log:
      - waiting for locator('input[name="username"]') to be visible


       6 |
       7 |   // Wait for the username input to be visible
    >  8 |   await page.waitForSelector('input[name="username"]');
         |              ^
       9 |
      10 |   // Fill in the login form
      11 |   await page.fill('input[name="username"]', 'testuser');

        at C:\Users\Ieva\healthcare-system\tests\tests\login.test.js:8:14
]]>
</failure>
</testcase>
</testsuite>
</testsuites>